<html>
<body>
<pre>
<h1>µVision Build Log</h1>
<h2>Tool Versions:</h2>
IDE-Version: ¦ÌVision V5.36.0.0
Copyright (C) 2021 ARM Ltd and ARM Germany GmbH. All rights reserved.
License Information: feng magil, njau, LIC=----
 
Tool Versions:
Toolchain:       MDK-Lite  Version: 5.36.0.0
Toolchain Path:  D:\Keilv5\ARM\ARMCC\Bin
C Compiler:      Armcc.exe V5.06 update 7 (build 960)
Assembler:       Armasm.exe V5.06 update 7 (build 960)
Linker/Locator:  ArmLink.exe V5.06 update 7 (build 960)
Library Manager: ArmAr.exe V5.06 update 7 (build 960)
Hex Converter:   FromElf.exe V5.06 update 7 (build 960)
CPU DLL:         SARMCM3.DLL V5.36.0.0
Dialog DLL:      DCM.DLL V1.17.3.0
Target DLL:      STLink\ST-LINKIII-KEIL_SWO.dll V3.0.9.0
Dialog DLL:      TCM.DLL V1.53.0.0
 
<h2>Project:</h2>
C:\Users\Withe\OneDrive\ÎÄµµ\MakeMoney\4\object-color-sorting-machine\stm32f407vet6\USER\main.uvprojx
Project File Date:  09/14/2023

<h2>Output:</h2>
*** Using Compiler 'V5.06 update 7 (build 960)', folder: 'D:\Keilv5\ARM\ARMCC\Bin'
Build target 'USART'
compiling main.c...
..\HARDWARE\OPENMV\openmv.h(12): warning:  #1-D: last line of file ends without a newline
  #endif // !__
main.c(49): warning:  #177-D: variable "t"  was declared but never referenced
  	u8 t;
main.c(50): warning:  #177-D: variable "len"  was declared but never referenced
  	u8 len;	
main.c(51): warning:  #177-D: variable "times"  was declared but never referenced
  	u16 times=0;  
main.c(52): warning:  #177-D: variable "i"  was declared but never referenced
  	u8 i = 0;
main.c: 5 warnings, 0 errors
compiling lcd1602.c...
compiling i2c_gpio.c...
linking...
Program Size: Code=4900 RO-data=424 RW-data=72 ZI-data=1632  
FromELF: creating hex file...
"..\OBJ\USART.axf" - 0 Error(s), 5 Warning(s).

<h2>Software Packages used:</h2>

Package Vendor: Keil
                http://www.keil.com/pack/Keil.STM32F4xx_DFP.2.15.0.pack
                Keil.STM32F4xx_DFP.2.15.0
                STMicroelectronics STM32F4 Series Device Support, Drivers and Examples

<h2>Collection of Component include folders:</h2>
  D:\Keilv5\ARM\PACK\Keil\STM32F4xx_DFP\2.15.0\Drivers\CMSIS\Device\ST\STM32F4xx\Include

<h2>Collection of Component Files used:</h2>
Build Time Elapsed:  00:00:03
</pre>
</body>
</html>
